
SYMBOLS BY NAME

     800            RAM_Size            
     200            RAM_Start_Address   
     200 IDATA0     ___begin_IDATA0     
     206 UDATA0     ___begin_UDATA0     
    12aa CODE       ___debug_catch_me_here
    12b2 CODE       ___do_debug_operation
     406 UDATA0     ___end_UDATA0       
     20e UDATA0     _buffer             
     206 UDATA0     _c                  
     20a UDATA0     _cpt                
     404 UDATA0     _dbgCntrlWord       
     402 UDATA0     _dbgCommWord        
    12d2 CODE       _debug_exit         
    12e4 CODE       _debug_printf       
     202 IDATA0     _disableAll         
    1100 CODE       _gpsSend            
    11e8 CODE       _main               
    1302 CODE       _memcpy             
    1312 CODE       _memset             
     208 UDATA0     _nbTrames           
     20c UDATA0     _oct                
     204 IDATA0     _onlyGGAandGPRMC    
     200 IDATA0     _sendRate           
    113e CODE       _usart0_rx          


SYMBOLS BY VALUE

     200            RAM_Start_Address   
     200 IDATA0     ___begin_IDATA0     
     200 IDATA0     _sendRate           
     202 IDATA0     _disableAll         
     204 IDATA0     _onlyGGAandGPRMC    
     206 UDATA0     ___begin_UDATA0     
     206 UDATA0     _c                  
     208 UDATA0     _nbTrames           
     20a UDATA0     _cpt                
     20c UDATA0     _oct                
     20e UDATA0     _buffer             
     402 UDATA0     _dbgCommWord        
     404 UDATA0     _dbgCntrlWord       
     406 UDATA0     ___end_UDATA0       
     800            RAM_Size            
    1100 CODE       _gpsSend            
    113e CODE       _usart0_rx          
    11e8 CODE       _main               
    12aa CODE       ___debug_catch_me_here
    12b2 CODE       ___do_debug_operation
    12d2 CODE       _debug_exit         
    12e4 CODE       _debug_printf       
    1302 CODE       _memcpy             
    1312 CODE       _memset             
