
SYMBOLS BY NAME

     800            RAM_Size            
     200            RAM_Start_Address   
     208 UDATA0     _GPSData            
    1c44 CODE       _SSTimeout          
     200 IDATA0     ___begin_IDATA0     
     206 UDATA0     ___begin_UDATA0     
    26b8 CODE       ___debug_catch_me_here
    2ae2 CODE       ___digit            
    26c0 CODE       ___do_debug_operation
     224 UDATA0     ___end_UDATA0       
    2c7a CODE       ___float32_add      
    2e74 CODE       ___float32_div      
    2f3e CODE       ___float32_lt       
    2d80 CODE       ___float32_mul      
    2d74 CODE       ___float32_sub      
    2f90 CODE       ___float32_to_int16 
    2720 CODE       ___int16_mul        
    2f5a CODE       ___int16_to_float32 
    26f2 CODE       ___int32_mul        
    28ec CODE       ___strtoul          
    2734 CODE       ___uint16_div       
    274c CODE       ___uint16_mod       
    2f66 CODE       ___uint16_to_float32
    2f70 CODE       ___uint16_to_float32_aux
    280e CODE       ___xtoa             
     202 IDATA0     _answer             
    2b54 CODE       _atof               
    2b2c CODE       _atoi               
    2568 CODE       _calculateDirection 
    1250 CODE       _configureClock     
     218 UDATA0     _dataValid          
     220 UDATA0     _dbgCntrlWord       
     21e UDATA0     _dbgCommWord        
    26e0 CODE       _debug_exit         
    1272 CODE       _delay              
    2280 CODE       _displayCompass     
     21a UDATA0     _displayHasBeenUpdated
    220e CODE       _displayHeader      
    1f94 CODE       _displayMainMenu    
    2248 CODE       _displayMessage     
    12f0 CODE       _enableUSARTforGPS  
    1a7a CODE       _enableUSARTforOLED 
     222 UDATA0     _errno              
     204 IDATA0     _flagReceive        
    2482 CODE       _ftoa               
    1b36 CODE       _gfx_BGcolour       
    1c82 CODE       _gfx_CalculateOrbit 
    1b12 CODE       _gfx_Clean          
    1d0e CODE       _gfx_DrawCircle     
    1d80 CODE       _gfx_DrawLine       
    1e06 CODE       _gfx_MoveOrigin     
    1b72 CODE       _gfx_PutString      
    1efc CODE       _gfx_Rectangle      
    1bbe CODE       _gfx_RectangleFilled
    1e4e CODE       _gfx_ScreenMode     
    1336 CODE       _gpsSend            
    1472 CODE       _hex2int            
    1988 CODE       _initLED            
    1f82 CODE       _initOLED           
    1994 CODE       _initPAD            
    27cc CODE       _isdigit            
    27b8 CODE       _islower            
    27fa CODE       _isprint            
    27e0 CODE       _isspace            
    27a4 CODE       _isupper            
    28b4 CODE       _itoa               
    1100 CODE       _main               
    2764 CODE       _memcpy             
    2774 CODE       _memset             
     200 IDATA0     _modeDisplay        
     206 UDATA0     _modeSelected       
    18b6 CODE       _nmea_check         
    14b8 CODE       _nmea_isfield       
    17ec CODE       _nmea_parse_rmc     
    14de CODE       _nmea_scan          
     21c UDATA0     _oldModeDisplay     
    19a8 CODE       _padInterrupt       
    1ac0 CODE       _resetOLED          
    1af2 CODE       _sendChar           
    2784 CODE       _strcmp             
    2754 CODE       _strlen             
    2a22 CODE       _strtol             
    1240 CODE       _toggleCommunication
    12cc CODE       _toggleGPS          
    12dc CODE       _toggleGPSInterrupt 
    1ade CODE       _toggleOLEDInterrupt
    1ec0 CODE       _txt_BGColor        
    1e84 CODE       _txt_FGColor        
    2062 CODE       _updateMenu         
    1356 CODE       _usart0_rx          
    1b00 CODE       _usart1_rx          


SYMBOLS BY VALUE

     200            RAM_Start_Address   
     200 IDATA0     ___begin_IDATA0     
     200 IDATA0     _modeDisplay        
     202 IDATA0     _answer             
     204 IDATA0     _flagReceive        
     206 UDATA0     _modeSelected       
     206 UDATA0     ___begin_UDATA0     
     208 UDATA0     _GPSData            
     218 UDATA0     _dataValid          
     21a UDATA0     _displayHasBeenUpdated
     21c UDATA0     _oldModeDisplay     
     21e UDATA0     _dbgCommWord        
     220 UDATA0     _dbgCntrlWord       
     222 UDATA0     _errno              
     224 UDATA0     ___end_UDATA0       
     800            RAM_Size            
    1100 CODE       _main               
    1240 CODE       _toggleCommunication
    1250 CODE       _configureClock     
    1272 CODE       _delay              
    12cc CODE       _toggleGPS          
    12dc CODE       _toggleGPSInterrupt 
    12f0 CODE       _enableUSARTforGPS  
    1336 CODE       _gpsSend            
    1356 CODE       _usart0_rx          
    1472 CODE       _hex2int            
    14b8 CODE       _nmea_isfield       
    14de CODE       _nmea_scan          
    17ec CODE       _nmea_parse_rmc     
    18b6 CODE       _nmea_check         
    1988 CODE       _initLED            
    1994 CODE       _initPAD            
    19a8 CODE       _padInterrupt       
    1a7a CODE       _enableUSARTforOLED 
    1ac0 CODE       _resetOLED          
    1ade CODE       _toggleOLEDInterrupt
    1af2 CODE       _sendChar           
    1b00 CODE       _usart1_rx          
    1b12 CODE       _gfx_Clean          
    1b36 CODE       _gfx_BGcolour       
    1b72 CODE       _gfx_PutString      
    1bbe CODE       _gfx_RectangleFilled
    1c44 CODE       _SSTimeout          
    1c82 CODE       _gfx_CalculateOrbit 
    1d0e CODE       _gfx_DrawCircle     
    1d80 CODE       _gfx_DrawLine       
    1e06 CODE       _gfx_MoveOrigin     
    1e4e CODE       _gfx_ScreenMode     
    1e84 CODE       _txt_FGColor        
    1ec0 CODE       _txt_BGColor        
    1efc CODE       _gfx_Rectangle      
    1f82 CODE       _initOLED           
    1f94 CODE       _displayMainMenu    
    2062 CODE       _updateMenu         
    220e CODE       _displayHeader      
    2248 CODE       _displayMessage     
    2280 CODE       _displayCompass     
    2482 CODE       _ftoa               
    2568 CODE       _calculateDirection 
    26b8 CODE       ___debug_catch_me_here
    26c0 CODE       ___do_debug_operation
    26e0 CODE       _debug_exit         
    26f2 CODE       ___int32_mul        
    2720 CODE       ___int16_mul        
    2734 CODE       ___uint16_div       
    274c CODE       ___uint16_mod       
    2754 CODE       _strlen             
    2764 CODE       _memcpy             
    2774 CODE       _memset             
    2784 CODE       _strcmp             
    27a4 CODE       _isupper            
    27b8 CODE       _islower            
    27cc CODE       _isdigit            
    27e0 CODE       _isspace            
    27fa CODE       _isprint            
    280e CODE       ___xtoa             
    28b4 CODE       _itoa               
    28ec CODE       ___strtoul          
    2a22 CODE       _strtol             
    2ae2 CODE       ___digit            
    2b2c CODE       _atoi               
    2b54 CODE       _atof               
    2c7a CODE       ___float32_add      
    2d74 CODE       ___float32_sub      
    2d80 CODE       ___float32_mul      
    2e74 CODE       ___float32_div      
    2f3e CODE       ___float32_lt       
    2f5a CODE       ___int16_to_float32 
    2f66 CODE       ___uint16_to_float32
    2f70 CODE       ___uint16_to_float32_aux
    2f90 CODE       ___float32_to_int16 
